>>> cvers 0.87.0 2
<<< :gserv 10 * :
>>> user rawtest MTIzNA==
<<< :gserv 100 rawtest :logged in
>>> join ca401d0a-b90e-4c17-ad1a-6bcf939452f7
>>> loaded 100
<<< :gserv 400 rawtest :connected
<<< :gserv 700 rawtest
*** GAME STARTED ***
<<< :gserv 802 rawtest :50,0
<<< :botA PRIVMSG rawtest :[增强版AI] 困难 已加载。祝你好运！
turn 0 acked
turn 50 acked
turn 100 acked
turn 150 acked
turn 200 acked
turn 250 acked
turn 300 acked
turn 350 acked
turn 400 acked
turn 450 acked
turn 500 acked
turn 550 acked
turn 600 acked
turn 650 acked
turn 700 acked
turn 750 acked
turn 800 acked
turn 850 acked
turn 900 acked
turn 950 acked
turn 1000 acked
turn 1050 acked
turn 1100 acked
turn 1150 acked
turn 1200 acked
turn 1250 acked
turn 1300 acked
turn 1350 acked
turn 1400 acked
turn 1450 acked
turn 1500 acked
<<< :gserv 804 botA :botA
